// Jest Snapshot v1, https://goo.gl/fbAQLP

exports[`Pruebas en <MultipleCustomeHooks /> debe mostrarse correctamente 1`] = `
<div>
  <h1>
    Breaking bad Quoates
  </h1>
  <hr />
  <div
    className="alert alert-info text-center"
  >
    loading...
  </div>
</div>
`;
