// Jest Snapshot v1, https://goo.gl/fbAQLP

exports[`test <HookApp /> should render ok 1`] = `
<div>
  <h1>
    Hola Mundo
  </h1>
</div>
`;
